C:/Users/jiperez/OneDrive/STM/N657X_Image_Classification_Demo/N657X_Image_Classification_Demo/AppliNonSecure/Middlewares/ST/AI/Npu/ll_aton_caches_interface.h:51:22:LL_ATON_Cache_MCU_Clean_Range	16	static
C:/Users/jiperez/OneDrive/STM/N657X_Image_Classification_Demo/N657X_Image_Classification_Demo/AppliNonSecure/Middlewares/ST/AI/Npu/ll_aton_caches_interface.h:70:22:LL_ATON_Cache_MCU_Invalidate_Range	16	static
../Core/Src/network.c:85:36:LL_ATON_WeightEncryption_Info_network	4	static
../Core/Src/network.c:94:36:LL_ATON_BlobEncryption_Info_network	4	static
../Core/Src/network.c:103:26:LL_ATON_Set_User_Input_Buffer_network	24	static
../Core/Src/network.c:110:7:LL_ATON_Get_User_Input_Buffer_network	16	static
../Core/Src/network.c:117:26:LL_ATON_Set_User_Output_Buffer_network	24	static
../Core/Src/network.c:124:7:LL_ATON_Get_User_Output_Buffer_network	16	static
../Core/Inc/network_ecblobs.h:3330:6:LL_ATON_EC_Network_Init_network	4	static
../Core/Inc/network_ecblobs.h:3336:6:LL_ATON_EC_Inference_Init_network	4	static
../Core/Src/network.c:138:13:_ec_blob_cache_start_func_1	16	static
../Core/Src/network.c:153:13:LL_ATON_End_EpochBlock_56	344	static
../Core/Src/network.c:242:13:LL_ATON_End_EpochBlock_57	200	static
../Core/Src/network.c:301:31:LL_ATON_EpochBlockItems_network	4	static
../Core/Src/network.c:354:30:LL_ATON_Input_Buffers_Info_network	4	static
../Core/Src/network.c:2026:30:LL_ATON_Output_Buffers_Info_network	4	static
../Core/Src/network.c:2060:30:LL_ATON_Internal_Buffers_Info_network	4	static
