C:/Users/jiperez/OneDrive/STM/N657X_Image_Classification_Demo/N657X_Image_Classification_Demo/AppliNonSecure/Middlewares/ST/AI/Npu/ll_aton_NN_interface.h:484:32:LL_Buffer_addr_base	24	static
C:/Users/jiperez/OneDrive/STM/N657X_Image_Classification_Demo/N657X_Image_Classification_Demo/AppliNonSecure/Middlewares/ST/AI/Npu/ll_aton_NN_interface.h:494:32:LL_Buffer_addr_start	16	static
C:/Users/jiperez/OneDrive/STM/N657X_Image_Classification_Demo/N657X_Image_Classification_Demo/AppliNonSecure/Middlewares/ST/AI/Npu/ll_aton_stai_internal.h:120:34:__ll_aton_stai_check_context_network_handle	24	static
../Core/Src/stai_network.c:38:32:__ll_aton_stai_network_get_inputs_or_weights	56	static
../Core/Src/stai_network.c:109:32:__ll_aton_stai_network_get_outputs_or_activations	56	static
../Core/Src/stai_network.c:186:32:__ll_aton_stai_network_set_inputs_or_weights	64	static
../Core/Src/stai_network.c:269:32:__ll_aton_stai_network_set_outputs_or_activations	64	static
../Core/Src/stai_network.c:359:18:stai_network_init	24	static
../Core/Src/stai_network.c:379:18:stai_network_deinit	32	static
../Core/Src/stai_network.c:405:18:stai_network_run	24	static
../Core/Src/stai_network.c:415:18:stai_network_train	24	static
../Core/Src/stai_network.c:429:18:stai_network_get_inputs	24	static
../Core/Src/stai_network.c:435:18:stai_network_get_weights	24	static
../Core/Src/stai_network.c:441:18:stai_network_get_outputs	24	static
../Core/Src/stai_network.c:447:18:stai_network_get_activations	24	static
../Core/Src/stai_network.c:455:18:stai_network_get_info	24	static
../Core/Src/stai_network.c:468:18:stai_network_get_states	32	static
../Core/Src/stai_network.c:481:18:stai_network_get_error	32	static
../Core/Src/stai_network.c:494:18:stai_network_set_inputs	24	static
../Core/Src/stai_network.c:501:18:stai_network_set_weights	24	static
../Core/Src/stai_network.c:508:18:stai_network_set_outputs	24	static
../Core/Src/stai_network.c:515:18:stai_network_set_activations	24	static
../Core/Src/stai_network.c:522:18:stai_network_set_states	32	static
../Core/Src/stai_network.c:538:18:stai_network_set_callback	32	static
../Core/Src/stai_network.c:565:18:stai_ext_network_run_continue	40	static
../Core/Src/stai_network.c:586:18:stai_ext_network_get_nn_run_status	32	static
../Core/Src/stai_network.c:602:18:stai_ext_network_new_inference	16	static
