../Middlewares/ST/AI/Npu/ecloader.c:109:17:ec_get_blob_ptr	32	static
../Middlewares/ST/AI/Npu/ecloader.c:167:6:ec_copy_blob	40	static
../Middlewares/ST/AI/Npu/ecloader.c:256:6:ec_copy_reloc_table	56	static
../Middlewares/ST/AI/Npu/ecloader.c:349:20:ec_get_reloc_table_ptr	32	static
../Middlewares/ST/AI/Npu/ecloader.c:384:14:ec_get_num_relocs	24	static
../Middlewares/ST/AI/Npu/ecloader.c:406:13:ec_get_reloc_id	32	static
../Middlewares/ST/AI/Npu/ecloader.c:446:6:ec_reloc	48	static
../Middlewares/ST/AI/Npu/ecloader.c:511:6:ec_reloc_by_id	64	static
../Middlewares/ST/AI/Npu/ecloader.c:593:6:ec_copy_patch_table	56	static
../Middlewares/ST/AI/Npu/ecloader.c:685:20:ec_get_patch_table_ptr	32	static
../Middlewares/ST/AI/Npu/ecloader.c:722:14:ec_get_num_patches	24	static
../Middlewares/ST/AI/Npu/ecloader.c:744:13:ec_get_patch_id	32	static
../Middlewares/ST/AI/Npu/ecloader.c:779:9:ec_get_patch_shr	24	static
../Middlewares/ST/AI/Npu/ecloader.c:810:10:ec_get_patch_mask	24	static
../Middlewares/ST/AI/Npu/ecloader.c:845:6:ec_patch	88	static
../Middlewares/ST/AI/Npu/ecloader.c:915:6:ec_patch_by_id	112	static
