../../Drivers/CMSIS/Include/core_cm55.h:3918:22:__NVIC_EnableIRQ	16	static,ignoring_inline_asm
../../Drivers/CMSIS/Include/core_cm55.h:3956:22:__NVIC_DisableIRQ	16	static,ignoring_inline_asm
../Middlewares/ST/AI/Npu/ll_aton_NN_interface.h:427:22:EpochBlock_IsLastEpochBlock	16	static
../Middlewares/ST/AI/Npu/ll_aton_NN_interface.h:432:22:EpochBlock_IsEpochStart	16	static
../Middlewares/ST/AI/Npu/ll_aton_NN_interface.h:442:22:EpochBlock_IsEpochBlob	16	static
../Middlewares/ST/AI/Npu/ll_aton_NN_interface.h:447:22:EpochBlock_IsBlobEncrypted	16	static
../Middlewares/ST/AI/Npu/ll_aton_NN_interface.h:452:22:EpochBlock_IsEpochPureSW	16	static
../Middlewares/ST/AI/Npu/ll_aton_NN_interface.h:457:22:EpochBlock_IsEpochPureHW	16	static
../Middlewares/ST/AI/Npu/ll_aton_NN_interface.h:462:22:EpochBlock_IsEpochHybrid	16	static
../Middlewares/ST/AI/Npu/ll_aton_NN_interface.h:467:22:EpochBlock_IsEpochInternal	16	static
../Middlewares/ST/AI/Npu/ll_aton_NN_interface.h:472:26:EpochBlock_EpochControllerUnit	16	static
../Middlewares/ST/AI/Npu/ll_aton_NN_interface.h:478:27:EpochBlock_EpochBlobAddr	16	static
../Middlewares/ST/AI/Npu/ll_aton_runtime.h:37:22:__ll_set_aton_owner	16	static
../Middlewares/ST/AI/Npu/ll_aton_runtime.h:54:22:__ll_clear_aton_owner	16	static
../Middlewares/ST/AI/Npu/ll_aton_runtime.h:83:22:__LL_ATON_RT_Start_AtoNN_Epoch	16	static
../Middlewares/ST/AI/Npu/ll_aton_runtime.h:114:22:__LL_ATON_RT_SetWaitMask	16	static
../Middlewares/ST/AI/Npu/ll_aton_runtime.h:140:22:__LL_ATON_RT_RetFromLibEpochBlockArray	16	static
../Middlewares/ST/AI/Npu/ll_aton_runtime.c:58:19:dump_dma_state	4	static
../Middlewares/ST/AI/Npu/ll_aton_runtime.c:85:17:__LL_ATON_RT_CntEpochBlocks	24	static
../Middlewares/ST/AI/Npu/ll_aton_runtime.c:101:20:__LL_ATON_RT_ExecStartEpochBlock	40	static
../Middlewares/ST/AI/Npu/ll_aton_runtime.c:209:20:__LL_ATON_RT_ExecEndEpochBlock	24	static
../Middlewares/ST/AI/Npu/ll_aton_runtime.c:272:13:__LL_ATON_RT_DetermineNextEpochBlock	16	static
../Middlewares/ST/AI/Npu/ll_aton_runtime.c:313:24:__LL_ATON_RT_GetWaitMask	16	static
../Middlewares/ST/AI/Npu/ll_aton_runtime.c:327:20:__LL_ATON_RT_Init_Network	24	static
../Middlewares/ST/AI/Npu/ll_aton_runtime.c:393:6:LL_ATON_RT_SetRuntimeCallback	16	static
../Middlewares/ST/AI/Npu/ll_aton_runtime.c:406:6:LL_ATON_RT_SetEpochCallback	16	static
../Middlewares/ST/AI/Npu/ll_aton_runtime.c:420:6:LL_ATON_RT_SetNetworkCallback	16	static
../Middlewares/ST/AI/Npu/ll_aton_runtime.c:430:6:LL_ATON_RT_Init_Network	24	static
../Middlewares/ST/AI/Npu/ll_aton_runtime.c:471:6:LL_ATON_RT_DeInit_Network	24	static
../Middlewares/ST/AI/Npu/ll_aton_runtime.c:520:6:LL_ATON_RT_Reset_Network	16	static
../Middlewares/ST/AI/Npu/ll_aton_runtime.c:529:6:LL_ATON_RT_RuntimeInit	16	static
../Middlewares/ST/AI/Npu/ll_aton_runtime.c:577:6:LL_ATON_RT_RuntimeDeInit	8	static
../Middlewares/ST/AI/Npu/ll_aton_runtime.c:609:24:LL_ATON_RT_RunEpochBlock	24	static
../Middlewares/ST/AI/Npu/ll_aton_runtime.c:783:13:__LL_ATON_RT_IrqErr	40	static
../Middlewares/ST/AI/Npu/ll_aton_runtime.c:895:20:__LL_ATON_RT_IrqEpochBlock	32	static
../Middlewares/ST/AI/Npu/ll_aton_runtime.c:944:20:__LL_ATON_RT_IrqEpochBlob	32	static
../Middlewares/ST/AI/Npu/ll_aton_runtime.c:966:6:NPU0_IRQHandler	16	static,ignoring_inline_asm
