../Middlewares/ST/AI/Npu/ll_aton_caches_interface.h:51:22:LL_ATON_Cache_MCU_Clean_Range	16	static
../Middlewares/ST/AI/Npu/ll_aton_caches_interface.h:70:22:LL_ATON_Cache_MCU_Invalidate_Range	16	static
../Middlewares/ST/AI/Npu/ll_aton_caches_interface.h:113:22:LL_ATON_Cache_NPU_Clean_Range	16	static
../Middlewares/ST/AI/Npu/ll_aton_caches_interface.h:137:22:LL_ATON_Cache_NPU_Clean_Invalidate_Range	16	static
../Middlewares/ST/AI/Npu/ll_aton_stai_internal.h:120:34:__ll_aton_stai_check_context_network_handle	24	static
../Middlewares/ST/AI/Npu/ll_aton_stai_internal.c:104:19:__ll_empty_stai_pre_aton_init	4	static
../Middlewares/ST/AI/Npu/ll_aton_stai_internal.c:116:19:__ll_empty_stai_post_aton_deinit	4	static
../Middlewares/ST/AI/Npu/ll_aton_stai_internal.c:135:13:_stai_aton_internal_rt_callback	16	static
../Middlewares/ST/AI/Npu/ll_aton_stai_internal.c:144:6:_stai_aton_internal_epoch_block_callback	32	static
../Middlewares/ST/AI/Npu/ll_aton_stai_internal.c:161:18:stai_runtime_set_callback	16	static
../Middlewares/ST/AI/Npu/ll_aton_stai_internal.c:172:18:stai_runtime_init	8	static
../Middlewares/ST/AI/Npu/ll_aton_stai_internal.c:186:18:stai_runtime_deinit	16	static
../Middlewares/ST/AI/Npu/ll_aton_stai_internal.c:235:18:stai_runtime_get_info	24	static
../Middlewares/ST/AI/Npu/ll_aton_stai_internal.c:272:18:stai_cache_mcu_clean_range	16	static
../Middlewares/ST/AI/Npu/ll_aton_stai_internal.c:279:18:stai_cache_mcu_invalidate_range	16	static
../Middlewares/ST/AI/Npu/ll_aton_stai_internal.c:286:18:stai_ext_cache_npu_clean_range	16	static
../Middlewares/ST/AI/Npu/ll_aton_stai_internal.c:293:18:stai_ext_cache_npu_clean_invalidate_range	16	static
../Middlewares/ST/AI/Npu/ll_aton_stai_internal.c:302:18:stai_ext_wfe	4	static,ignoring_inline_asm
../Middlewares/ST/AI/Npu/ll_aton_stai_internal.c:312:6:__ll_aton_stai_init_network_instance	24	static
../Middlewares/ST/AI/Npu/ll_aton_stai_internal.c:321:6:__ll_aton_stai_deinit_network_instance	24	static
../Middlewares/ST/AI/Npu/ll_aton_stai_internal.c:330:6:__ll_aton_stai_set_execution_status	16	static
../Middlewares/ST/AI/Npu/ll_aton_stai_internal.c:352:18:__ll_aton_stai_get_execution_status	16	static
../Middlewares/ST/AI/Npu/ll_aton_stai_internal.c:359:13:__ll_aton_stai_run_synchonously	24	static,ignoring_inline_asm
../Middlewares/ST/AI/Npu/ll_aton_stai_internal.c:383:18:__ll_aton_stai_reset	32	static
../Middlewares/ST/AI/Npu/ll_aton_stai_internal.c:403:18:__ll_aton_stai_run	32	static
