C:/Users/jiperez/OneDrive/STM/N657X_Image_Classification_Demo/N657X_Image_Classification_Demo/AppliNonSecure/Middlewares/ST/AI/Npu/ll_aton_NN_interface.h:484:32:LL_Buffer_addr_base	24	static
C:/Users/jiperez/OneDrive/STM/N657X_Image_Classification_Demo/N657X_Image_Classification_Demo/AppliNonSecure/Middlewares/ST/AI/Npu/ll_aton_NN_interface.h:494:32:LL_Buffer_addr_start	16	static
C:/Users/jiperez/OneDrive/STM/N657X_Image_Classification_Demo/N657X_Image_Classification_Demo/AppliNonSecure/Middlewares/ST/AI/Npu/ll_aton_rt_user_api.h:355:46:LL_ATON_Output_Buffers_Info	16	static
C:/Users/jiperez/OneDrive/STM/N657X_Image_Classification_Demo/N657X_Image_Classification_Demo/AppliNonSecure/Middlewares/ST/AI/Npu/ll_aton_rt_user_api.h:376:46:LL_ATON_Input_Buffers_Info	16	static
../AI/App/app_x-cube-ai.c:86:5:aiInit	16	static
../AI/App/app_x-cube-ai.c:99:5:aiDeinit	8	static
../AI/App/app_x-cube-ai.c:109:5:aiRun	16	static,ignoring_inline_asm
../AI/App/app_x-cube-ai.c:125:5:acquire_and_process_data	4	static
../AI/App/app_x-cube-ai.c:137:5:post_process	4	static
../AI/App/app_x-cube-ai.c:154:6:main_loop	8	static
../AI/App/app_x-cube-ai.c:172:6:STM32CubeAI_Studio_AI_Init	8	static
../AI/App/app_x-cube-ai.c:180:6:STM32CubeAI_Studio_AI_Process	8	static
../AI/App/app_x-cube-ai.c:185:6:STM32CubeAI_Studio_AI_Deinit	8	static
